// Jest Snapshot v1, https://goo.gl/fbAQLP

exports[`Integrated correctly 1`] = `
Array [
  "__tests__.18ea1367.js",
  "__tests__.18ea1367.js.map",
  "apple-touch-icon.67e6641c.png",
  "browserconfig.xml",
  "cache",
  "icon-192x192.1421700b.png",
  "icon-192x192.60385309.webp",
  "icon-512x512.03718fd9.png",
  "icon-512x512.53c5ad04.webp",
  "index.html",
  "manifest.webmanifest",
  "mstile-150x150.db75c4ea.png",
  "mstile-310x150.df0ada1c.png",
  "mstile-310x310.7d35cb45.png",
  "mstile-70x70.d4870be2.png",
]
`;

exports[`Integrated correctly 2`] = `
"<!DOCTYPE html>
<html lang=\\"en\\">
<head><meta name=\\"msapplication-config\\" content=\\"./browserconfig.xml\\">,<meta name=\\"theme-color\\" content=\\"white\\">,<link rel=\\"apple-touch-icon\\" sizes=\\"180x180\\" href=\\"./apple-touch-icon.67e6641c.png\\">,<link rel=\\"manifest\\" href=\\"./manifest.webmanifest\\">
  <meta charset=\\"UTF-8\\">
  <meta name=\\"viewport\\" content=\\"width=device-width, initial-scale=1.0\\">
  <title>My PWA</title>
</head>
<body>
  <script src=\\"/__tests__.18ea1367.js\\"></script>
</body>
</html>"
`;

exports[`Integrated correctly 3`] = `"<?xml version=\\"1.0\\" encoding=\\"utf-8\\"?><browserconfig><msapplication><tile><TileColor>white</TileColor><square70x70logo src=\\"./mstile-70x70.d4870be2.png\\"/><square150x150logo src=\\"./mstile-150x150.db75c4ea.png\\"/><square310x310logo src=\\"./mstile-310x310.7d35cb45.png\\"/><wide310x150logo src=\\"./mstile-310x150.df0ada1c.png\\"/></tile></msapplication></browserconfig>"`;

exports[`Integrated correctly 4`] = `
Object {
  "background_color": "white",
  "description": "A PWA",
  "display": "standalone",
  "icons": Array [
    Object {
      "sizes": "192x192",
      "src": "./icon-192x192.60385309.webp",
      "type": "image/webp",
    },
    Object {
      "sizes": "192x192",
      "src": "./icon-192x192.1421700b.png",
      "type": "image/png",
    },
    Object {
      "sizes": "512x512",
      "src": "./icon-512x512.53c5ad04.webp",
      "type": "image/webp",
    },
    Object {
      "sizes": "512x512",
      "src": "./icon-512x512.03718fd9.png",
      "type": "image/png",
    },
  ],
  "name": "my-pwa",
  "scope": "./",
  "short_name": "my-pwa",
  "start_url": "./",
  "theme_color": "white",
}
`;
