// Jest Snapshot v1, https://goo.gl/fbAQLP

exports[`Integrated correctly 1`] = `
Array [
  "apple-touch-icon.9626d75a.png",
  "browserconfig.xml",
  "icon-192x192.1ca0d54e.png",
  "icon-192x192.6cf01f66.webp",
  "icon-512x512.9de13230.webp",
  "icon-512x512.e481a035.png",
  "index.html",
  "manifest.webmanifest",
  "mstile-150x150.e286440d.png",
  "mstile-310x150.926bd872.png",
  "mstile-310x310.e10f7557.png",
  "mstile-70x70.3af68a9a.png",
]
`;

exports[`Integrated correctly 2`] = `
"<!DOCTYPE html>
<html lang=\\"en\\">
<head>
  <meta charset=\\"UTF-8\\">
  <meta name=\\"viewport\\" content=\\"width=device-width, initial-scale=1.0\\">
  <title>My PWA</title>
<meta name=\\"msapplication-config\\" content=\\"/browserconfig.xml\\"><meta name=\\"theme-color\\" content=\\"white\\"><link rel=\\"apple-touch-icon\\" sizes=\\"180x180\\" href=\\"/apple-touch-icon.9626d75a.png\\"><link rel=\\"manifest\\" href=\\"/manifest.webmanifest\\"></head>
<body>
</body>
</html>"
`;

exports[`Integrated correctly 3`] = `"<?xml version=\\"1.0\\" encoding=\\"utf-8\\"?><browserconfig><msapplication><tile><TileColor>white</TileColor><square70x70logo src=\\"/mstile-70x70.3af68a9a.png\\"/><square150x150logo src=\\"/mstile-150x150.e286440d.png\\"/><square310x310logo src=\\"/mstile-310x310.e10f7557.png\\"/><wide310x150logo src=\\"/mstile-310x150.926bd872.png\\"/></tile></msapplication></browserconfig>"`;

exports[`Integrated correctly 4`] = `
Object {
  "background_color": "white",
  "description": "A PWA",
  "display": "standalone",
  "icons": Array [
    Object {
      "sizes": "192x192",
      "src": "/icon-192x192.6cf01f66.webp",
      "type": "image/webp",
    },
    Object {
      "sizes": "192x192",
      "src": "/icon-192x192.1ca0d54e.png",
      "type": "image/png",
    },
    Object {
      "sizes": "512x512",
      "src": "/icon-512x512.9de13230.webp",
      "type": "image/webp",
    },
    Object {
      "sizes": "512x512",
      "src": "/icon-512x512.e481a035.png",
      "type": "image/png",
    },
  ],
  "name": "my-pwa",
  "scope": "/",
  "short_name": "my-pwa",
  "start_url": "/",
  "theme_color": "white",
}
`;
